[debug] [2026-06-19T11:10:19.710Z] ----------------------------------------------------------------------
[debug] [2026-06-19T11:10:19.719Z] Command:       /home/btpl-lap-22/.nvm/versions/node/v20.20.0/bin/node /home/btpl-lap-22/.nvm/versions/node/v20.20.0/bin/firebase login:ci --no-localhost
[debug] [2026-06-19T11:10:19.719Z] CLI Version:   15.19.1
[debug] [2026-06-19T11:10:19.724Z] Platform:      linux
[debug] [2026-06-19T11:10:19.724Z] Node Version:  v20.20.0
[debug] [2026-06-19T11:10:19.724Z] Time:          Fri Jun 19 2026 16:40:19 GMT+0530 (India Standard Time)
[debug] [2026-06-19T11:10:19.725Z] ----------------------------------------------------------------------
[debug] 
[warn] ⚠  Authenticating with a `login:ci` token is deprecated and will be removed in a future major version of `firebase-tools`. Instead, use a service account key with `GOOGLE_APPLICATION_CREDENTIALS`: https://cloud.google.com/docs/authentication/getting-started 
[debug] [2026-06-19T11:10:20.227Z] >>> [apiv2][query] POST https://auth.firebase.tools/attest [none]
[debug] [2026-06-19T11:10:20.228Z] >>> [apiv2][body] POST https://auth.firebase.tools/attest {"session_id":"5cf94d35-b895-48f8-806e-915222124f66"}
[debug] [2026-06-19T11:10:21.215Z] <<< [apiv2][status] POST https://auth.firebase.tools/attest 200
[debug] [2026-06-19T11:10:21.216Z] <<< [apiv2][body] POST https://auth.firebase.tools/attest {"token":"fRWGNMt-K1iRp3gfSiqf-N49CWLu0r8_jtMCYcnaa-M"}
[info] 
[info] To sign in to the Firebase CLI:
[info] 
[info] 1. Take note of your session ID:
[info] 
[info]    5CF94
[info] 
[info] 2. Visit the URL below on any device and follow the instructions to get your code:
[info] 
[info]    https://auth.firebase.tools/login?code_challenge=xMPAJC5PAiHQ-MQhHvasuzOeTR23yXVPPht2f57ozEw&session=5cf94d35-b895-48f8-806e-915222124f66&attest=fRWGNMt-K1iRp3gfSiqf-N49CWLu0r8_jtMCYcnaa-M
[info] 
[info] 3. Paste or enter the authorization code below once you have it:
[info] 
