[2026-06-02T10:53:23+05:30] List of important pages, routes, component files, and lookup commands
└── Total Pages: 32 active routes mapped to Angular components
    ├── Pages ASCII Tree:
    │   ├── Core / General
    │   │   ├── Home (/) -> src/app/home/home.component.ts
    │   │   ├── About (/about) -> src/app/about.component/about.component.ts
    │   │   ├── Team (/team) -> src/app/team/team.component.ts
    │   │   ├── Careers (/careers) -> src/app/careers/careers.component.ts
    │   │   ├── Clients (/clients) -> src/app/clients/clients.component.ts
    │   │   ├── Portfolio (/portfolio) -> src/app/portfolio/portfolio.component.ts
    │   │   └── Contact (/contact) -> src/app/contact/contact.component.ts
    │   ├── Services & Solutions
    │   │   ├── Web Application (/web-application) -> src/app/web-application/web-application.component.ts
    │   │   ├── Mobile App Development (/mobile-app-development) -> src/app/mobile-app-development/mobile-app-development.component.ts
    │   │   ├── Product Engineering (/product-engineering) -> src/app/product-engineering/product-engineering.component.ts
    │   │   ├── Ecosystem (/ecosystem) -> src/app/ecosystem/ecosystem.component.ts
    │   │   ├── Build Team (/build-team) -> src/app/build-team/build-team.component.ts
    │   │   ├── IoT Solutions (/iot-solutions) -> src/app/iot-solutions/iot-solutions.component.ts
    │   │   ├── Enterprise (/enterprise) -> src/app/enterprise/enterprise.component.ts
    │   │   ├── DevOps (/devops) -> src/app/devops/devops.component.ts
    │   │   ├── IT Consulting (/it-consulting) -> src/app/it-consulting/it-consulting.component.ts
    │   │   ├── Cyber Security (/cyber-security) -> src/app/cyber-security/cyber-security.component.ts
    │   │   ├── Networking (/networking) -> src/app/networking/networking.component.ts
    │   │   ├── Cloud (/cloud) -> src/app/cloud/cloud.component.ts
    │   │   ├── Cognitive (/cognitive) -> src/app/cognitive/cognitive.component.ts
    │   │   └── Agentic AI (/agentic-ai) -> src/app/agentic-ai/agentic-ai.component.ts
    │   ├── Industries
    │   │   ├── Government (/industries/government) -> src/app/government/government.component.ts
    │   │   ├── BFSI (/industries/bfsi) -> src/app/bfsi/bfsi.component.ts
    │   │   ├── Manufacturing (/industries/manufacturing) -> src/app/manufacture/manufacture.component.ts
    │   │   ├── Education (/industries/education) -> src/app/education/education.component.ts
    │   │   ├── Transportation (/industries/transportation) -> src/app/transportation/transportation.component.ts
    │   │   ├── Telecom (/industries/telecom) -> src/app/telecom/telecom.component.ts
    │   │   ├── Retail & E-commerce (/retail-ecommerce) -> src/app/retail-ecommerce/retail-ecommerce.component.ts
    │   │   └── Healthcare & Pharma (/healthcare-pharma) -> src/app/healthcare-pharma/healthcare-pharma.component.ts
    │   └── Legal
    │       ├── Privacy Policy (/privacy-policy) -> src/app/privacy-policy/privacy-policy.component.ts
    │       └── Terms of Use (/terms-of-use) -> src/app/terms-of-use/terms-of-use.component.ts
    └── Bash Commands:
        ├── Find Component Files -> find src/app -name "*.component.ts"
        └── View Mapped Routes -> cat src/app/app.routes.ts

[2026-08-11] CONTENT BACKEND — Payload CMS (external)
└── Blute site content is no longer purely static. LinkedIn posts are authored in a Payload CMS
    instance deployed separately on Vercel and consumed by the Angular app over REST.
    ├── Admin UI  -> https://payload-nine-ivory.vercel.app/admin
    ├── REST base -> https://payload-nine-ivory.vercel.app/api/<collection>
    ├── Config    -> src/environments/environment.ts (payloadBaseUrl, payloadPostsCollection)
    ├── Service   -> src/app/services/linkedin-posts.service.ts
    │   └── normalizePost() tolerates varying Payload field names; if the CMS schema changes,
    │       update the candidate key arrays there rather than the components.
    ├── Consumers -> src/app/latest-posts (home strip, 3 posts) and src/app/insights (/insights listing)
    ├── Card UI   -> src/app/shared/post-card/post-card.component.ts (shared by both consumers)
    └── Read access on the collection must stay PUBLIC in Payload access control,
        otherwise the browser receives an empty docs array with no error.

[2026-08-11] ROUTE ADDED
└── Insights (/insights) -> src/app/insights/insights.component.ts  [Company navbar dropdown]

[2026-08-11] HTTP
└── provideHttpClient(withFetch()) added in src/app/app.config.ts — first HTTP usage in the app.

[2026-08-11] IMAGE ASSETS — remote Unsplash URLs are a recurring failure point
└── Most page components store card artwork as remote https://images.unsplash.com/photo-<id> URLs
    inside their TS data arrays (icon / img / image fields), NOT as local assets.
    ├── Templates branch on isUrl(icon): a URL renders a photo-background card (white text),
    │   anything else renders a flat light card with the value as an emoji/text glyph.
    │   Consequence: swapping a URL for an emoji silently changes that card's whole design.
    ├── Unsplash removes photos over time, so these IDs rot and 404 without any code change.
    │   The same ID is reused across many components — one dead ID breaks several pages at once.
    └── Audit command (run after touching image data, or periodically):
        grep -rhoE "https://images\.unsplash\.com/photo-[0-9a-zA-Z_-]+" src/ | sort -u |
          xargs -P 12 -I{} sh -c 'c=$(curl -s -o /dev/null -w "%{http_code}" -m 20 "{}?w=200&q=80&auto=format&fit=crop"); [ "$c" = 200 ] || echo "BROKEN $c {}"'
        Last run 2026-08-11: 133 unique URLs, all 200.
